// Jest Snapshot v1, https://goo.gl/fbAQLP

exports[`Tests on <AppRouter /> should render "Loading..." 1`] = `
<h5>
  Loading...
</h5>
`;

exports[`Tests on <AppRouter /> should render Public Route 1`] = `
<div>
  <div
    className="container login-container"
  >
    <div
      className="row"
    >
      <div
        className="col-md-6 login-form-1"
      >
        <h3>
          Ingreso
        </h3>
        <form
          onSubmit={[Function]}
        >
          <div
            className="form-group"
          >
            <input
              className="form-control"
              name="Lemail"
              onChange={[Function]}
              placeholder="Correo"
              type="text"
              value=""
            />
          </div>
          <div
            className="form-group"
          >
            <input
              className="form-control"
              name="Lpassword"
              onChange={[Function]}
              placeholder="Contraseña"
              type="password"
              value=""
            />
          </div>
          <div
            className="form-group"
          >
            <input
              className="btnSubmit"
              type="submit"
              value="Login"
            />
          </div>
        </form>
      </div>
      <div
        className="col-md-6 login-form-2"
      >
        <h3>
          Registro
        </h3>
        <form
          onSubmit={[Function]}
        >
          <div
            className="form-group"
          >
            <input
              className="form-control"
              name="Rname"
              onChange={[Function]}
              placeholder="Nombre"
              type="text"
              value=""
            />
          </div>
          <div
            className="form-group"
          >
            <input
              className="form-control"
              name="Remail"
              onChange={[Function]}
              placeholder="Correo"
              type="email"
              value=""
            />
          </div>
          <div
            className="form-group"
          >
            <input
              className="form-control"
              name="Rpassword"
              onChange={[Function]}
              placeholder="Contraseña"
              type="password"
              value=""
            />
          </div>
          <div
            className="form-group"
          >
            <input
              className="form-control"
              name="Rpassword2"
              onChange={[Function]}
              placeholder="Repita la contraseña"
              type="password"
              value=""
            />
          </div>
          <div
            className="form-group"
          >
            <input
              className="btnSubmit"
              type="submit"
              value="Crear cuenta"
            />
          </div>
        </form>
      </div>
    </div>
  </div>
</div>
`;
